import React from 'react';
import ReactDOM from 'react-dom';
import renderer from 'react-test-renderer';
import BookTitle from './BookTitle';

it('renders without crashing', () => {
  const div = document.createElement('div');
  ReactDOM.render(<BookTitle />, div);
  ReactDOM.unmountComponentAtNode(div);
});

